   I know an old lady who swallowed a fly.                                                                                                                                                                                                                                                                                                                     ["", "I don't know why she swallowed the fly. Perhaps she'll die."]
I know an old lady who swallowed a spider.                                                                                                                                                                       ["That wiggled and jiggled and tickled inside her.", "She swallowed the spider to catch the fly that wiggled and jiggled and tickled inside her.", "I don't know why she swallowed the fly. Perhaps she'll die."]
  I know an old lady who swallowed a bird.                                                                                                                                          ["How absurd, to swallow a bird!", "She swallowed the bird to catch the spider.", "She swallowed the spider to catch the fly that wiggled and jiggled and tickled inside her.", "I don't know why she swallowed the fly. Perhaps she'll die."]
   I know an old lady who swallowed a cat.                                                                                             ["Imagine that, to swallow a cat!", "She swallowed the cat to catch the bird.", "She swallowed the bird to catch the spider.", "She swallowed the spider to catch the fly that wiggled and jiggled and tickled inside her.", "I don't know why she swallowed the fly. Perhaps she'll die."]
   I know an old lady who swallowed a dog.                                                    ["What a hog, to swallow a dog!", "She swallowed the dog to catch the cat.", "She swallowed the cat to catch the bird.", "She swallowed the bird to catch the spider.", "She swallowed the spider to catch the fly that wiggled and jiggled and tickled inside her.", "I don't know why she swallowed the fly. Perhaps she'll die."]
   I know an old lady who swallowed a cow. ["I don't know how she swallowed a cow!", "She swallowed the cow to catch the dog.", "She swallowed the dog to catch the cat.", "She swallowed the cat to catch the bird.", "She swallowed the bird to catch the spider.", "She swallowed the spider to catch the fly that wiggled and jiggled and tickled inside her.", "I don't know why she swallowed the fly. Perhaps she'll die."]
 I know an old lady who swallowed a horse.                                                                                                                                                                                                                                                                                                                                                              ["She's dead, of course!"]
